#-----------------------------------------------------------
# Vivado v2023.1 (64-bit)
# SW Build 3865809 on Sun May  7 15:05:29 MDT 2023
# IP Build 3864474 on Sun May  7 20:36:21 MDT 2023
# SharedData Build 3865790 on Sun May 07 13:33:03 MDT 2023
# Start of session at: Wed Nov 15 22:28:14 2023
# Process ID: 29324
# Current directory: C:/Users/bogurad/Desktop/Proyectos gitHub/FPGA/passwordNator
# Command line: vivado.exe -gui_launcher_event rodinguilauncherevent28256 C:\Users\bogurad\Desktop\Proyectos gitHub\FPGA\passwordNator\passwordNator.xpr
# Log file: C:/Users/bogurad/Desktop/Proyectos gitHub/FPGA/passwordNator/vivado.log
# Journal file: C:/Users/bogurad/Desktop/Proyectos gitHub/FPGA/passwordNator\vivado.jou
# Running On: DESKTOP-MOPDCTP, OS: Windows, CPU Frequency: 3800 MHz, CPU Physical cores: 16, Host memory: 34240 MB
#-----------------------------------------------------------
start_gui
open_project {C:/Users/bogurad/Desktop/Proyectos gitHub/FPGA/passwordNator/passwordNator.xpr}
update_compile_order -fileset sources_1
